cargo : warning: unused import: `Write`
所在位置 行:1 字符: 12
+ $null | & {cargo test 2>&1 > test_output.txt ; Select-String "test re .
..
+            ~~~~~~~~~~~~~~~~~~~~~~~~~~~~~~~~~
    + CategoryInfo          : NotSpecified: (warning: unused import: `Wr 
   ite`:String) [], RemoteException
    + FullyQualifiedErrorId : NativeCommandError
 
 --> src\exporter\util.rs:2:26
  |
2 | use std::io::{BufWriter, Write};
  |                          ^^^^^
  |
  = note: `#[warn(unused_imports)]` on by default

warning: variant `Other` is never constructed
  --> src\error.rs:38:5
   |
 7 | pub enum Error {
   |          ----- variant in this enum
...
38 |     Other(String),
   |     ^^^^^
   |
   = note: `Error` has a derived impl for the trait `Debug`, but this is 
intentionally ignored during dead code analysis
   = note: `#[warn(dead_code)]` on by default

warning: variant `MissingRequired` is never constructed
  --> src\error.rs:69:5
   |
43 | pub enum ConfigError {
   |          ----------- variant in this enum
...
69 |     MissingRequired { field: String },
   |     ^^^^^^^^^^^^^^^
   |
   = note: `ConfigError` has a derived impl for the trait `Debug`, but th
is is intentionally ignored during dead code analysis

warning: variants `NotFound`, `CreateFailed`, `ReadFailed`, and `Permissi
onDenied` are never constructed
   --> src\error.rs:81:5
    |
 78 | pub enum FileError {
    |          --------- variants in this enum
...
 81 |     NotFound(PathBuf),
    |     ^^^^^^^^
...
 89 |     CreateFailed { path: PathBuf, reason: String },
    |     ^^^^^^^^^^^^
...
 93 |     ReadFailed { path: PathBuf, reason: String },
    |     ^^^^^^^^^^
...
105 |     PermissionDenied { path: PathBuf, operation: String },
    |     ^^^^^^^^^^^^^^^^
    |
    = note: `FileError` has a derived impl for the trait `Debug`, but thi
s is intentionally ignored during dead code analysis

warning: multiple variants are never constructed
   --> src\error.rs:113:5
    |
110 | pub enum DatabaseError {
    |          ------------- variants in this enum
...
113 |     ConnectionFailed {
    |     ^^^^^^^^^^^^^^^^
...
121 |     AuthenticationFailed { username: String },
    |     ^^^^^^^^^^^^^^^^^^^^
...
125 |     QueryFailed { query: String, reason: String },
    |     ^^^^^^^^^^^
...
129 |     TableNotFound { table_name: String },
    |     ^^^^^^^^^^^^^
...
133 |     TableAlreadyExists { table_name: String },
    |     ^^^^^^^^^^^^^^^^^^
...
137 |     InsertFailed { table_name: String, reason: String },
    |     ^^^^^^^^^^^^
...
141 |     TransactionFailed { reason: String },
    |     ^^^^^^^^^^^^^^^^^
    |
    = note: `DatabaseError` has a derived impl for the trait `Debug`, but
 this is intentionally ignored during dead code analysis

warning: variants `SqlLogParseFailed`, `InvalidSql`, `InvalidTimestamp`, 
`InvalidNumber`, `CsvParseFailed`, and `JsonParseFailed` are never constr
ucted
   --> src\error.rs:149:5
    |
146 | pub enum ParseError {
    |          ---------- variants in this enum
...
149 |     SqlLogParseFailed {
    |     ^^^^^^^^^^^^^^^^^
...
157 |     InvalidSql { sql: String, reason: String },
    |     ^^^^^^^^^^
...
161 |     InvalidTimestamp {
    |     ^^^^^^^^^^^^^^^^
...
168 |     InvalidNumber {
    |     ^^^^^^^^^^^^^
...
175 |     CsvParseFailed { line_number: usize, reason: String },
    |     ^^^^^^^^^^^^^^
...
179 |     JsonParseFailed { reason: String },
    |     ^^^^^^^^^^^^^^^
    |
    = note: `ParseError` has a derived impl for the trait `Debug`, but th
is is intentionally ignored during dead code analysis

warning: variant `ParseFailed` is never constructed
   --> src\error.rs:199:5
    |
184 | pub enum ParserError {
    |          ----------- variant in this enum
...
199 |     ParseFailed { reason: String },
    |     ^^^^^^^^^^^
    |
    = note: `ParserError` has a derived impl for the trait `Debug`, but t
his is intentionally ignored during dead code analysis

warning: variants `JsonlExportFailed` and `DatabaseExportFailed` are neve
r constructed
   --> src\error.rs:211:5
    |
204 | pub enum ExportError {
    |          ----------- variants in this enum
...
211 |     JsonlExportFailed { path: PathBuf, reason: String },
    |     ^^^^^^^^^^^^^^^^^
...
215 |     DatabaseExportFailed { table_name: String, reason: String },
    |     ^^^^^^^^^^^^^^^^^^^^
    |
    = note: `ExportError` has a derived impl for the trait `Debug`, but t
his is intentionally ignored during dead code analysis

warning: `dm-database-sqllog2db` (bin "sqllog2db") generated 8 warnings
   Compiling dm-database-sqllog2db v0.1.1 (D:\code\sqllog2db)
error[E0560]: struct `config::DatabaseExporter` has no field named `batch
_size`
   --> src\config.rs:796:17
    |
796 |                 batch_size: 1000,
    |                 ^^^^^^^^^^ `config::DatabaseExporter` does not have
 this field
    |
    = note: all struct fields are already assigned

error[E0599]: no method named `jsonl` found for struct `config::ExporterC
onfig` in the current scope
   --> src\config.rs:839:26
    |
211 | pub struct ExporterConfig {
    | ------------------------- method `jsonl` not found for this struct
...
839 |         assert!(exporter.jsonl().is_some());
    |                          ^^^^^-- help: remove the arguments
    |                          |
    |                          field, not a method

error[E0599]: no method named `jsonl` found for struct `config::ExporterC
onfig` in the current scope
   --> src\config.rs:840:29
    |
211 | pub struct ExporterConfig {
    | ------------------------- method `jsonl` not found for this struct
...
840 |         assert_eq!(exporter.jsonl().unwrap().path, "output.jsonl");
    |                             ^^^^^-- help: remove the arguments
    |                             |
    |                             field, not a method

error[E0599]: no method named `jsonl` found for struct `config::ExporterC
onfig` in the current scope
   --> src\config.rs:843:26
    |
211 | pub struct ExporterConfig {
    | ------------------------- method `jsonl` not found for this struct
...
843 |         assert!(exporter.jsonl().is_none());
    |                          ^^^^^-- help: remove the arguments
    |                          |
    |                          field, not a method

error[E0560]: struct `config::DatabaseExporter` has no field named `batch
_size`
   --> src\config.rs:861:17
    |
861 |                 batch_size: 1000,
    |                 ^^^^^^^^^^ `config::DatabaseExporter` does not have
 this field
    |
    = note: all struct fields are already assigned

error[E0560]: struct `config::DatabaseExporter` has no field named `batch
_size`
   --> src\config.rs:901:17
    |
901 |                 batch_size: 1000,
    |                 ^^^^^^^^^^ `config::DatabaseExporter` does not have
 this field
    |
    = note: all struct fields are already assigned

error[E0560]: struct `config::DatabaseExporter` has no field named `batch
_size`
   --> src\config.rs:930:13
    |
930 |             batch_size: 1000,
    |             ^^^^^^^^^^ `config::DatabaseExporter` does not have thi
s field
    |
    = note: all struct fields are already assigned

error[E0560]: struct `config::DatabaseExporter` has no field named `batch
_size`
    --> src\config.rs:1032:13
     |
1032 |             batch_size: 1000,
     |             ^^^^^^^^^^ `config::DatabaseExporter` does not have th
is field
     |
     = note: all struct fields are already assigned

error[E0560]: struct `config::DatabaseExporter` has no field named `batch
_size`
    --> src\config.rs:1053:13
     |
1053 |             batch_size: 1000,
     |             ^^^^^^^^^^ `config::DatabaseExporter` does not have th
is field
     |
     = note: all struct fields are already assigned

error[E0560]: struct `config::DatabaseExporter` has no field named `batch
_size`
    --> src\config.rs:1071:13
     |
1071 |             batch_size: 1000,
     |             ^^^^^^^^^^ `config::DatabaseExporter` does not have th
is field
     |
     = note: all struct fields are already assigned

error[E0560]: struct `config::DatabaseExporter` has no field named `batch
_size`
    --> src\config.rs:1092:13
     |
1092 |             batch_size: 1000,
     |             ^^^^^^^^^^ `config::DatabaseExporter` does not have th
is field
     |
     = note: all struct fields are already assigned

error[E0599]: no method named `jsonl` found for struct `config::ExporterC
onfig` in the current scope
    --> src\config.rs:1155:33
     |
 211 | pub struct ExporterConfig {
     | ------------------------- method `jsonl` not found for this struct
...
1155 |         assert!(config.exporter.jsonl().is_none());
     |                                 ^^^^^-- help: remove the arguments
     |                                 |
     |                                 field, not a method

error[E0599]: no method named `jsonl` found for struct `config::ExporterC
onfig` in the current scope
    --> src\config.rs:1302:33
     |
 211 | pub struct ExporterConfig {
     | ------------------------- method `jsonl` not found for this struct
...
1302 |         assert!(config.exporter.jsonl().is_none());
     |                                 ^^^^^-- help: remove the arguments
     |                                 |
     |                                 field, not a method

error[E0599]: `error_logger::ErrorLogger` is not an iterator
   --> src\error_logger.rs:213:27
    |
 50 | pub struct ErrorLogger {
    | ---------------------- method `count` not found for this struct bec
ause it doesn't satisfy `error_logger::ErrorLogger: Iterator`
...
213 |         assert_eq!(logger.count(), 0);
    |                           ^^^^^-- help: remove the arguments
    |                           |
    |                           `error_logger::ErrorLogger` is not an ite
rator
    |                           field, not a method
    |
    = note: the following trait bounds were not satisfied:
            `error_logger::ErrorLogger: Iterator`
            which is required by `&mut error_logger::ErrorLogger: Iterato
r`
note: the trait `Iterator` must be implemented
   --> E:\software\scoop\persist\rustup\.rustup\toolchains\stable-x86_64-
pc-windows-msvc\lib/rustlib/src/rust\library\core\src\iter\traits\iterato
r.rs:39:1
    |
 39 | pub trait Iterator {
    | ^^^^^^^^^^^^^^^^^^
    = help: items from traits can only be used if the trait is implemente
d and in scope
    = note: the following trait defines an item `count`, perhaps you need
 to implement it:
            candidate #1: `Iterator`

error[E0599]: `error_logger::ErrorLogger` is not an iterator
   --> src\error_logger.rs:236:27
    |
 50 | pub struct ErrorLogger {
    | ---------------------- method `count` not found for this struct bec
ause it doesn't satisfy `error_logger::ErrorLogger: Iterator`
...
236 |         assert_eq!(logger.count(), 1);
    |                           ^^^^^-- help: remove the arguments
    |                           |
    |                           `error_logger::ErrorLogger` is not an ite
rator
    |                           field, not a method
    |
    = note: the following trait bounds were not satisfied:
            `error_logger::ErrorLogger: Iterator`
            which is required by `&mut error_logger::ErrorLogger: Iterato
r`
note: the trait `Iterator` must be implemented
   --> E:\software\scoop\persist\rustup\.rustup\toolchains\stable-x86_64-
pc-windows-msvc\lib/rustlib/src/rust\library\core\src\iter\traits\iterato
r.rs:39:1
    |
 39 | pub trait Iterator {
    | ^^^^^^^^^^^^^^^^^^
    = help: items from traits can only be used if the trait is implemente
d and in scope
    = note: the following trait defines an item `count`, perhaps you need
 to implement it:
            candidate #1: `Iterator`

error[E0599]: `error_logger::ErrorLogger` is not an iterator
   --> src\error_logger.rs:267:27
    |
 50 | pub struct ErrorLogger {
    | ---------------------- method `count` not found for this struct bec
ause it doesn't satisfy `error_logger::ErrorLogger: Iterator`
...
267 |         assert_eq!(logger.count(), 5);
    |                           ^^^^^-- help: remove the arguments
    |                           |
    |                           `error_logger::ErrorLogger` is not an ite
rator
    |                           field, not a method
    |
    = note: the following trait bounds were not satisfied:
            `error_logger::ErrorLogger: Iterator`
            which is required by `&mut error_logger::ErrorLogger: Iterato
r`
note: the trait `Iterator` must be implemented
   --> E:\software\scoop\persist\rustup\.rustup\toolchains\stable-x86_64-
pc-windows-msvc\lib/rustlib/src/rust\library\core\src\iter\traits\iterato
r.rs:39:1
    |
 39 | pub trait Iterator {
    | ^^^^^^^^^^^^^^^^^^
    = help: items from traits can only be used if the trait is implemente
d and in scope
    = note: the following trait defines an item `count`, perhaps you need
 to implement it:
            candidate #1: `Iterator`

error[E0609]: no field `buffer` on type `csv::CsvExporter`
   --> src\exporter\csv.rs:307:29
    |
307 |         assert_eq!(exporter.buffer.len(), 0);
    |                             ^^^^^^ unknown field
    |
    = note: available fields are: `path`, `overwrite`, `writer`, `stats`,
 `header_written`, `line_buf`

error[E0609]: no field `buffer` on type `csv::CsvExporter`
   --> src\exporter\csv.rs:321:29
    |
321 |         assert_eq!(exporter.buffer.len(), 0);
    |                             ^^^^^^ unknown field
    |
    = note: available fields are: `path`, `overwrite`, `writer`, `stats`,
 `header_written`, `line_buf`

error[E0560]: struct `config::DatabaseExporter` has no field named `batch
_size`
   --> src\exporter\database\mod.rs:184:13
    |
184 |             batch_size: 1000,
    |             ^^^^^^^^^^ `config::DatabaseExporter` does not have thi
s field
    |
    = note: all struct fields are already assigned

error[E0560]: struct `config::DatabaseExporter` has no field named `batch
_size`
   --> src\exporter\database\mod.rs:231:13
    |
231 |             batch_size: 1000,
    |             ^^^^^^^^^^ `config::DatabaseExporter` does not have thi
s field
    |
    = note: all struct fields are already assigned

error[E0599]: no method named `record_skip` found for struct `exporter::E
xportStats` in the current scope
   --> src\exporter\mod.rs:233:15
    |
 57 | pub struct ExportStats {
    | ---------------------- method `record_skip` not found for this stru
ct
...
233 |         stats.record_skip();
    |               ^^^^^^^^^^^ method not found in `exporter::ExportStat
s`

error[E0599]: no method named `record_failure` found for struct `exporter
::ExportStats` in the current scope
   --> src\exporter\mod.rs:236:15
    |
 57 | pub struct ExportStats {
    | ---------------------- method `record_failure` not found for this s
truct
...
236 |         stats.record_failure();
    |               ^^^^^^^^^^^^^^ method not found in `exporter::ExportS
tats`

Some errors have detailed explanations: E0560, E0599, E0609.
For more information about an error, try `rustc --explain E0560`.
warning: `dm-database-sqllog2db` (bin "sqllog2db" test) generated 1 warni
ng (1 duplicate)
error: could not compile `dm-database-sqllog2db` (bin "sqllog2db" test) d
ue to 22 previous errors; 1 warning emitted
